// Jest Snapshot v1, https://goo.gl/fbAQLP

exports[`Login - Shallow Render Login Components snapshot whole view 1`] = `undefined`;
